✅ Loaded .env.local
📡 Proxy pool: 10 proxies loaded (fallback (Webshare))
  ℹ️  Using FALLBACK Webshare proxies (from local-import-utils.mjs)
✅ R2 client initialized
══════════════════════════════════════════════════════════════════════
  BATCH BACKFILL: All Empty Chapter Images → R2 Download
══════════════════════════════════════════════════════════════════════
  🎯 Mode: FULL (scrape + download + R2)
  📡 Proxy: ENABLED
  ⚡ Concurrency: 5 chapters in parallel

🔍 Loading chapters from DB...
📚 Total chapters in DB: 43088
🔍 Finding chapters without images...
📊 Chapters without images: 43036


📖 [1-5/43036] Saori no 2-Kaime Delivery
  🔄 undici exhausted — falling back to browser download...
🌐 Launching headless browser for image downloads...
  🔄 undici exhausted — falling back to browser download...
🌐 Launching headless browser for image downloads...
  🔄 undici exhausted — falling back to browser download...
🌐 Launching headless browser for image downloads...
  🔄 undici exhausted — falling back to browser download...
🌐 Launching headless browser for image downloads...
✅ Browser ready
✅ Browser ready
✅ Browser ready
✅ Browser ready
  ✅ Browser download succeeded!
  ✅ Browser download succeeded!
  ✅ Browser download succeeded!
  ✅ Browser download succeeded!
  🔄 undici exhausted — falling back to browser download...
  🔄 undici exhausted — falling back to browser download...
  ✅ Browser download succeeded!
  ✅ Browser download succeeded!
  🔄 undici exhausted — falling back to browser download...
  🔄 undici exhausted — falling back to browser download...
  ✅ Browser download succeeded!
  ✅ Browser download succeeded!
  🔄 undici exhausted — falling back to browser download...
  🔄 undici exhausted — falling back to browser download...
  ✅ Browser download succeeded!
  ✅ Browser download succeeded!
  🔄 undici exhausted — falling back to browser download...
  ✅ Browser download succeeded!
  🔄 undici exhausted — falling back to browser download...
  ✅ Browser download succeeded!
  🔄 undici exhausted — falling back to browser download...
  🔄 undici exhausted — falling back to browser download...
  ✅ Browser download succeeded!
  ✅ Browser download succeeded!
  🔄 undici exhausted — falling back to browser download...
  ✅ Browser download succeeded!
  🔄 undici exhausted — falling back to browser download...
  ✅ Browser download succeeded!
  🔄 undici exhausted — falling back to browser download...
  🔄 undici exhausted — falling back to browser download...
  ✅ Browser download succeeded!
  ✅ Browser download succeeded!
  🔄 undici exhausted — falling back to browser download...
  ✅ Browser download succeeded!
  🔄 undici exhausted — falling back to browser download...
  ✅ Browser download succeeded!
  🔄 undici exhausted — falling back to browser download...
  🔄 undici exhausted — falling back to browser download...
  ✅ Browser download succeeded!
  ✅ Browser download succeeded!
  🔄 undici exhausted — falling back to browser download...
  ✅ Browser download succeeded!
  🔄 undici exhausted — falling back to browser download...
  ✅ Browser download succeeded!
  🔄 undici exhausted — falling back to browser download...
  🔄 undici exhausted — falling back to browser download...
  ✅ Browser download succeeded!
  ✅ Browser download succeeded!
  🔄 undici exhausted — falling back to browser download...
  ✅ Browser download succeeded!
  🔄 undici exhausted — falling back to browser download...
  ✅ Browser download succeeded!
  🔄 undici exhausted — falling back to browser download...
  ✅ Browser download succeeded!
  🔄 undici exhausted — falling back to browser download...
  ✅ Browser download succeeded!
  🔄 undici exhausted — falling back to browser download...
  ✅ Browser download succeeded!
  🔄 undici exhausted — falling back to browser download...
  ✅ Browser download succeeded!
  🔄 undici exhausted — falling back to browser download...
  ✅ Browser download succeeded!
  🔄 undici exhausted — falling back to browser download...
  ✅ Browser download succeeded!
  🔄 undici exhausted — falling back to browser download...
  ✅ Browser download succeeded!
  🔄 undici exhausted — falling back to browser download...
  ✅ Browser download succeeded!
  🔄 undici exhausted — falling back to browser download...
  ✅ Browser download succeeded!
  🔄 undici exhausted — falling back to browser download...
  ✅ Browser download succeeded!
  🔄 undici exhausted — falling back to browser download...
  ✅ Browser download succeeded!
  🔄 undici exhausted — falling back to browser download...
  ✅ Browser download succeeded!
  🔄 undici exhausted — falling back to browser download...
  ✅ Browser download succeeded!
  🔄 undici exhausted — falling back to browser download...
  ✅ Browser download succeeded!
  🔄 undici exhausted — falling back to browser download...
  🔄 undici exhausted — falling back to browser download...
  ✅ Browser download succeeded!
  ✅ Browser download succeeded!
  🔄 undici exhausted — falling back to browser download...
  🔄 undici exhausted — falling back to browser download...
  🔄 undici exhausted — falling back to browser download...
  🔄 undici exhausted — falling back to browser download...
  🔄 undici exhausted — falling back to browser download...
  🔄 undici exhausted — falling back to browser download...
  🔄 undici exhausted — falling back to browser download...
